<?xml version="1.0" encoding="UTF-8"?>
<testsuites name="jest tests" tests="1" failures="1" time="3.037">
  <testsuite name="undefined" errors="0" failures="1" skipped="0" timestamp="2022-01-11T08:38:09" time="2.127" tests="1">
    <testcase classname=" renders learn react link" name=" renders learn react link" time="0.002">
      <failure>ReferenceError: React is not defined
    at Object.&lt;anonymous&gt; (C:\Users\SURAJGUP\Downloads\kanban project\react-kanban-board\src\App.test.js:439:10)
    at Object.asyncJestTest (C:\Users\SURAJGUP\Downloads\kanban project\react-kanban-board\node_modules\jest-jasmine2\build\jasmineAsyncInstall.js:102:37)
    at C:\Users\SURAJGUP\Downloads\kanban project\react-kanban-board\node_modules\jest-jasmine2\build\queueRunner.js:43:12
    at new Promise (&lt;anonymous&gt;)
    at mapper (C:\Users\SURAJGUP\Downloads\kanban project\react-kanban-board\node_modules\jest-jasmine2\build\queueRunner.js:26:19)
    at C:\Users\SURAJGUP\Downloads\kanban project\react-kanban-board\node_modules\jest-jasmine2\build\queueRunner.js:73:41
    at processTicksAndRejections (internal/process/task_queues.js:97:5)</failure>
    </testcase>
  </testsuite>
</testsuites>